2016-03-13 14:54:48,989 - mylogger - INFO - 
2016-03-13 14:54:48,989 - mylogger - INFO -  
2016-03-13 14:54:48,989 - mylogger - INFO - 
2016-03-13 14:54:48,989 - mylogger - INFO -  
2016-03-13 14:54:48,989 - mylogger - INFO - Å
2016-03-13 14:54:48,990 - mylogger - INFO - û
2016-03-13 14:54:48,990 - mylogger - INFO - 
2016-03-13 14:54:48,990 - mylogger - INFO - a
2016-03-13 14:54:48,990 - mylogger - INFO - n
2016-03-13 14:54:48,990 - mylogger - INFO - s
2016-03-13 14:54:48,990 - mylogger - INFO - w
2016-03-13 14:54:48,990 - mylogger - INFO - e
2016-03-13 14:54:48,990 - mylogger - INFO - r
2016-03-13 14:54:48,990 - mylogger - INFO -  
2016-03-13 14:54:48,990 - mylogger - INFO - 
2016-03-13 14:54:48,990 - mylogger - INFO -  
2016-03-13 14:54:48,990 - mylogger - INFO -  
2016-03-13 14:54:48,990 - mylogger - INFO -  
2016-03-13 14:54:48,990 - mylogger - INFO - †
2016-03-13 14:54:48,990 - mylogger - INFO - @
2016-03-13 14:54:52,998 - mylogger - INFO - 
2016-03-13 14:54:52,998 - mylogger - INFO -  
2016-03-13 14:54:52,998 - mylogger - INFO - 
2016-03-13 14:54:52,998 - mylogger - INFO -  
2016-03-13 14:54:52,998 - mylogger - INFO - Å
2016-03-13 14:54:52,998 - mylogger - INFO - û
2016-03-13 14:54:52,999 - mylogger - INFO - 
2016-03-13 14:54:52,999 - mylogger - INFO - a
2016-03-13 14:54:52,999 - mylogger - INFO - n
2016-03-13 14:54:52,999 - mylogger - INFO - s
2016-03-13 14:54:52,999 - mylogger - INFO - w
2016-03-13 14:54:52,999 - mylogger - INFO - e
2016-03-13 14:54:52,999 - mylogger - INFO - r
2016-03-13 14:54:52,999 - mylogger - INFO -  
2016-03-13 14:54:52,999 - mylogger - INFO - 
2016-03-13 14:54:52,999 - mylogger - INFO -  
2016-03-13 14:54:52,999 - mylogger - INFO -  
2016-03-13 14:54:52,999 - mylogger - INFO -  
2016-03-13 14:54:52,999 - mylogger - INFO - ¿
2016-03-13 14:54:52,999 - mylogger - INFO - @
2016-03-13 14:54:55,003 - mylogger - INFO - 
2016-03-13 14:54:55,003 - mylogger - INFO -  
2016-03-13 14:54:55,003 - mylogger - INFO - 
2016-03-13 14:54:55,003 - mylogger - INFO -  
2016-03-13 14:54:55,003 - mylogger - INFO - Å
2016-03-13 14:54:55,003 - mylogger - INFO - û
2016-03-13 14:54:55,003 - mylogger - INFO - 
2016-03-13 14:54:55,003 - mylogger - INFO - a
2016-03-13 14:54:55,003 - mylogger - INFO - n
2016-03-13 14:54:55,003 - mylogger - INFO - s
2016-03-13 14:54:55,003 - mylogger - INFO - w
2016-03-13 14:54:55,003 - mylogger - INFO - e
2016-03-13 14:54:55,003 - mylogger - INFO - r
2016-03-13 14:54:55,003 - mylogger - INFO -  
2016-03-13 14:54:55,004 - mylogger - INFO - 
2016-03-13 14:54:55,004 - mylogger - INFO -  
2016-03-13 14:54:55,004 - mylogger - INFO -  
2016-03-13 14:54:55,004 - mylogger - INFO -  
2016-03-13 14:54:55,004 - mylogger - INFO - ‡
2016-03-13 14:54:55,004 - mylogger - INFO - @
2016-03-13 14:54:57,007 - mylogger - INFO - 
2016-03-13 14:54:57,007 - mylogger - INFO -  
2016-03-13 14:54:57,007 - mylogger - INFO - 
2016-03-13 14:54:57,007 - mylogger - INFO -  
2016-03-13 14:54:57,007 - mylogger - INFO - Å
2016-03-13 14:54:57,007 - mylogger - INFO - û
2016-03-13 14:54:57,007 - mylogger - INFO - 
2016-03-13 14:54:57,007 - mylogger - INFO - a
2016-03-13 14:54:57,007 - mylogger - INFO - n
2016-03-13 14:54:57,008 - mylogger - INFO - s
2016-03-13 14:54:57,008 - mylogger - INFO - w
2016-03-13 14:54:57,008 - mylogger - INFO - e
2016-03-13 14:54:57,008 - mylogger - INFO - r
2016-03-13 14:54:57,008 - mylogger - INFO -  
2016-03-13 14:54:57,008 - mylogger - INFO - 
2016-03-13 14:54:57,008 - mylogger - INFO -  
2016-03-13 14:54:57,008 - mylogger - INFO -  
2016-03-13 14:54:57,008 - mylogger - INFO -  
2016-03-13 14:54:57,008 - mylogger - INFO -  
2016-03-13 14:54:57,008 - mylogger - INFO - A
2016-03-13 14:54:57,008 - mylogger - INFO - 
2016-03-13 14:54:57,008 - mylogger - INFO -  
2016-03-13 14:54:57,008 - mylogger - INFO - 
2016-03-13 14:54:57,008 - mylogger - INFO -  
2016-03-13 14:54:57,008 - mylogger - INFO - Å
2016-03-13 14:54:57,008 - mylogger - INFO - û
2016-03-13 14:54:57,008 - mylogger - INFO - 
2016-03-13 14:54:57,008 - mylogger - INFO - a
2016-03-13 14:54:57,008 - mylogger - INFO - n
2016-03-13 14:54:57,008 - mylogger - INFO - s
2016-03-13 14:54:57,008 - mylogger - INFO - w
2016-03-13 14:54:57,008 - mylogger - INFO - e
2016-03-13 14:54:57,008 - mylogger - INFO - r
2016-03-13 14:54:57,008 - mylogger - INFO -  
2016-03-13 14:54:57,008 - mylogger - INFO - 
2016-03-13 14:54:57,008 - mylogger - INFO -  
2016-03-13 14:54:57,008 - mylogger - INFO -  
2016-03-13 14:54:57,008 - mylogger - INFO -  
2016-03-13 14:54:57,008 - mylogger - INFO -  
2016-03-13 14:54:57,008 - mylogger - INFO - A
2016-03-13 14:55:03,016 - mylogger - INFO - 
2016-03-13 14:55:03,016 - mylogger - INFO -  
2016-03-13 14:55:03,016 - mylogger - INFO - 
2016-03-13 14:55:03,016 - mylogger - INFO -  
2016-03-13 14:55:03,016 - mylogger - INFO - Å
2016-03-13 14:55:03,017 - mylogger - INFO - û
2016-03-13 14:55:03,017 - mylogger - INFO - 
2016-03-13 14:55:03,017 - mylogger - INFO - a
2016-03-13 14:55:03,017 - mylogger - INFO - n
2016-03-13 14:55:03,017 - mylogger - INFO - s
2016-03-13 14:55:03,017 - mylogger - INFO - w
2016-03-13 14:55:03,017 - mylogger - INFO - e
2016-03-13 14:55:03,017 - mylogger - INFO - r
2016-03-13 14:55:03,017 - mylogger - INFO -  
2016-03-13 14:55:03,017 - mylogger - INFO - 
2016-03-13 14:55:03,017 - mylogger - INFO -  
2016-03-13 14:55:03,017 - mylogger - INFO -  
2016-03-13 14:55:03,017 - mylogger - INFO -  
2016-03-13 14:55:03,017 - mylogger - INFO - †
2016-03-13 14:55:03,017 - mylogger - INFO - @
2016-03-13 14:55:05,018 - mylogger - INFO - 
2016-03-13 14:55:05,018 - mylogger - INFO -  
2016-03-13 14:55:05,019 - mylogger - INFO - 
2016-03-13 14:55:05,019 - mylogger - INFO -  
2016-03-13 14:55:05,019 - mylogger - INFO - Å
2016-03-13 14:55:05,019 - mylogger - INFO - û
2016-03-13 14:55:05,019 - mylogger - INFO - 
2016-03-13 14:55:05,019 - mylogger - INFO - a
2016-03-13 14:55:05,019 - mylogger - INFO - n
2016-03-13 14:55:05,019 - mylogger - INFO - s
2016-03-13 14:55:05,019 - mylogger - INFO - w
2016-03-13 14:55:05,019 - mylogger - INFO - e
2016-03-13 14:55:05,019 - mylogger - INFO - r
2016-03-13 14:55:05,019 - mylogger - INFO -  
2016-03-13 14:55:05,019 - mylogger - INFO - 
2016-03-13 14:55:05,019 - mylogger - INFO -  
2016-03-13 14:55:05,019 - mylogger - INFO -  
2016-03-13 14:55:05,019 - mylogger - INFO -  
2016-03-13 14:55:05,019 - mylogger - INFO - ¿
2016-03-13 14:55:05,019 - mylogger - INFO - @
2016-03-13 14:55:07,023 - mylogger - INFO - 
2016-03-13 14:55:07,023 - mylogger - INFO -  
2016-03-13 14:55:07,023 - mylogger - INFO - 
2016-03-13 14:55:07,023 - mylogger - INFO -  
2016-03-13 14:55:07,023 - mylogger - INFO - Å
2016-03-13 14:55:07,023 - mylogger - INFO - û
2016-03-13 14:55:07,023 - mylogger - INFO - 
2016-03-13 14:55:07,023 - mylogger - INFO - a
2016-03-13 14:55:07,023 - mylogger - INFO - n
2016-03-13 14:55:07,023 - mylogger - INFO - s
2016-03-13 14:55:07,023 - mylogger - INFO - w
2016-03-13 14:55:07,023 - mylogger - INFO - e
2016-03-13 14:55:07,023 - mylogger - INFO - r
2016-03-13 14:55:07,023 - mylogger - INFO -  
2016-03-13 14:55:07,024 - mylogger - INFO - 
2016-03-13 14:55:07,024 - mylogger - INFO -  
2016-03-13 14:55:07,024 - mylogger - INFO -  
2016-03-13 14:55:07,024 - mylogger - INFO -  
2016-03-13 14:55:07,024 - mylogger - INFO - ‡
2016-03-13 14:55:07,024 - mylogger - INFO - @
2016-03-13 14:55:09,027 - mylogger - INFO - 
2016-03-13 14:55:09,027 - mylogger - INFO -  
2016-03-13 14:55:09,027 - mylogger - INFO - 
2016-03-13 14:55:09,028 - mylogger - INFO -  
2016-03-13 14:55:09,028 - mylogger - INFO - Å
2016-03-13 14:55:09,028 - mylogger - INFO - û
2016-03-13 14:55:09,028 - mylogger - INFO - 
2016-03-13 14:55:09,028 - mylogger - INFO - a
2016-03-13 14:55:09,028 - mylogger - INFO - n
2016-03-13 14:55:09,028 - mylogger - INFO - s
2016-03-13 14:55:09,028 - mylogger - INFO - w
2016-03-13 14:55:09,028 - mylogger - INFO - e
2016-03-13 14:55:09,028 - mylogger - INFO - r
2016-03-13 14:55:09,028 - mylogger - INFO -  
2016-03-13 14:55:09,028 - mylogger - INFO - 
2016-03-13 14:55:09,028 - mylogger - INFO -  
2016-03-13 14:55:09,028 - mylogger - INFO -  
2016-03-13 14:55:09,028 - mylogger - INFO -  
2016-03-13 14:55:09,028 - mylogger - INFO -  
2016-03-13 14:55:09,028 - mylogger - INFO - A
2016-03-13 14:58:55,386 - mylogger - INFO - 
2016-03-13 14:58:55,386 - mylogger - INFO -  
2016-03-13 14:58:55,386 - mylogger - INFO - 
2016-03-13 14:58:55,386 - mylogger - INFO -  
2016-03-13 14:58:55,386 - mylogger - INFO - Å
2016-03-13 14:58:55,386 - mylogger - INFO - û
2016-03-13 14:58:55,386 - mylogger - INFO - 
2016-03-13 14:58:55,386 - mylogger - INFO - a
2016-03-13 14:58:55,386 - mylogger - INFO - n
2016-03-13 14:58:55,386 - mylogger - INFO - s
2016-03-13 14:58:55,386 - mylogger - INFO - w
2016-03-13 14:58:55,386 - mylogger - INFO - e
2016-03-13 14:58:55,386 - mylogger - INFO - r
2016-03-13 14:58:55,386 - mylogger - INFO -  
2016-03-13 14:58:55,386 - mylogger - INFO - 
2016-03-13 14:58:55,386 - mylogger - INFO -  
2016-03-13 14:58:55,386 - mylogger - INFO -  
2016-03-13 14:58:55,386 - mylogger - INFO -  
2016-03-13 14:58:55,387 - mylogger - INFO - @
2016-03-13 14:58:55,387 - mylogger - INFO - @
2016-03-13 14:58:57,392 - mylogger - INFO - 
2016-03-13 14:58:57,392 - mylogger - INFO -  
2016-03-13 14:58:57,392 - mylogger - INFO - 
2016-03-13 14:58:57,392 - mylogger - INFO -  
2016-03-13 14:58:57,392 - mylogger - INFO - Å
2016-03-13 14:58:57,392 - mylogger - INFO - û
2016-03-13 14:58:57,392 - mylogger - INFO - 
2016-03-13 14:58:57,392 - mylogger - INFO - a
2016-03-13 14:58:57,392 - mylogger - INFO - n
2016-03-13 14:58:57,392 - mylogger - INFO - s
2016-03-13 14:58:57,392 - mylogger - INFO - w
2016-03-13 14:58:57,392 - mylogger - INFO - e
2016-03-13 14:58:57,392 - mylogger - INFO - r
2016-03-13 14:58:57,392 - mylogger - INFO -  
2016-03-13 14:58:57,392 - mylogger - INFO - 
2016-03-13 14:58:57,392 - mylogger - INFO -  
2016-03-13 14:58:57,392 - mylogger - INFO -  
2016-03-13 14:58:57,392 - mylogger - INFO -  
2016-03-13 14:58:57,392 - mylogger - INFO - Ä
2016-03-13 14:58:57,392 - mylogger - INFO - @
2016-03-13 14:58:59,397 - mylogger - INFO - 
2016-03-13 14:58:59,397 - mylogger - INFO -  
2016-03-13 14:58:59,397 - mylogger - INFO - 
2016-03-13 14:58:59,397 - mylogger - INFO -  
2016-03-13 14:58:59,397 - mylogger - INFO - Å
2016-03-13 14:58:59,397 - mylogger - INFO - û
2016-03-13 14:58:59,397 - mylogger - INFO - 
2016-03-13 14:58:59,397 - mylogger - INFO - a
2016-03-13 14:58:59,397 - mylogger - INFO - n
2016-03-13 14:58:59,397 - mylogger - INFO - s
2016-03-13 14:58:59,397 - mylogger - INFO - w
2016-03-13 14:58:59,397 - mylogger - INFO - e
2016-03-13 14:58:59,397 - mylogger - INFO - r
2016-03-13 14:58:59,397 - mylogger - INFO -  
2016-03-13 14:58:59,397 - mylogger - INFO - 
2016-03-13 14:58:59,397 - mylogger - INFO -  
2016-03-13 14:58:59,397 - mylogger - INFO -  
2016-03-13 14:58:59,397 - mylogger - INFO -  
2016-03-13 14:58:59,397 - mylogger - INFO - †
2016-03-13 14:58:59,397 - mylogger - INFO - @
2016-03-13 14:59:01,399 - mylogger - INFO - 
2016-03-13 14:59:01,400 - mylogger - INFO -  
2016-03-13 14:59:01,400 - mylogger - INFO - 
2016-03-13 14:59:01,401 - mylogger - INFO -  
2016-03-13 14:59:01,401 - mylogger - INFO - Å
2016-03-13 14:59:01,401 - mylogger - INFO - û
2016-03-13 14:59:01,401 - mylogger - INFO - 
2016-03-13 14:59:01,401 - mylogger - INFO - a
2016-03-13 14:59:01,401 - mylogger - INFO - n
2016-03-13 14:59:01,401 - mylogger - INFO - s
2016-03-13 14:59:01,401 - mylogger - INFO - w
2016-03-13 14:59:01,401 - mylogger - INFO - e
2016-03-13 14:59:01,401 - mylogger - INFO - r
2016-03-13 14:59:01,401 - mylogger - INFO -  
2016-03-13 14:59:01,401 - mylogger - INFO - 
2016-03-13 14:59:01,401 - mylogger - INFO -  
2016-03-13 14:59:01,401 - mylogger - INFO -  
2016-03-13 14:59:01,401 - mylogger - INFO -  
2016-03-13 14:59:01,402 - mylogger - INFO - ¿
2016-03-13 14:59:01,402 - mylogger - INFO - @
2016-03-13 15:01:13,092 - mylogger - INFO - foorbar
2016-03-13 15:01:30,670 - mylogger - INFO - 
2016-03-13 15:01:30,670 - mylogger - INFO -  
2016-03-13 15:01:30,670 - mylogger - INFO - 
2016-03-13 15:01:30,670 - mylogger - INFO -  
2016-03-13 15:01:30,670 - mylogger - INFO - Å
2016-03-13 15:01:30,670 - mylogger - INFO - û
2016-03-13 15:01:30,670 - mylogger - INFO - 
2016-03-13 15:01:30,672 - mylogger - INFO - a
2016-03-13 15:01:30,672 - mylogger - INFO - n
2016-03-13 15:01:30,672 - mylogger - INFO - s
2016-03-13 15:01:30,672 - mylogger - INFO - w
2016-03-13 15:01:30,672 - mylogger - INFO - e
2016-03-13 15:01:30,672 - mylogger - INFO - r
2016-03-13 15:01:30,672 - mylogger - INFO -  
2016-03-13 15:01:30,672 - mylogger - INFO - 
2016-03-13 15:01:30,672 - mylogger - INFO -  
2016-03-13 15:01:30,672 - mylogger - INFO -  
2016-03-13 15:01:30,672 - mylogger - INFO -  
2016-03-13 15:01:30,672 - mylogger - INFO - Ä
2016-03-13 15:01:30,672 - mylogger - INFO - ?
2016-03-13 15:01:32,677 - mylogger - INFO - 
2016-03-13 15:01:32,677 - mylogger - INFO -  
2016-03-13 15:01:32,677 - mylogger - INFO - 
2016-03-13 15:01:32,678 - mylogger - INFO -  
2016-03-13 15:01:32,678 - mylogger - INFO - Å
2016-03-13 15:01:32,678 - mylogger - INFO - û
2016-03-13 15:01:32,678 - mylogger - INFO - 
2016-03-13 15:01:32,678 - mylogger - INFO - a
2016-03-13 15:01:32,678 - mylogger - INFO - n
2016-03-13 15:01:32,678 - mylogger - INFO - s
2016-03-13 15:01:32,678 - mylogger - INFO - w
2016-03-13 15:01:32,678 - mylogger - INFO - e
2016-03-13 15:01:32,678 - mylogger - INFO - r
2016-03-13 15:01:32,678 - mylogger - INFO -  
2016-03-13 15:01:32,678 - mylogger - INFO - 
2016-03-13 15:01:32,678 - mylogger - INFO -  
2016-03-13 15:01:32,678 - mylogger - INFO -  
2016-03-13 15:01:32,678 - mylogger - INFO -  
2016-03-13 15:01:32,678 - mylogger - INFO -  
2016-03-13 15:01:32,679 - mylogger - INFO - @
2016-03-13 15:01:34,683 - mylogger - INFO - 
2016-03-13 15:01:34,683 - mylogger - INFO -  
2016-03-13 15:01:34,683 - mylogger - INFO - 
2016-03-13 15:01:34,683 - mylogger - INFO -  
2016-03-13 15:01:34,683 - mylogger - INFO - Å
2016-03-13 15:01:34,683 - mylogger - INFO - û
2016-03-13 15:01:34,683 - mylogger - INFO - 
2016-03-13 15:01:34,683 - mylogger - INFO - a
2016-03-13 15:01:34,683 - mylogger - INFO - n
2016-03-13 15:01:34,684 - mylogger - INFO - s
2016-03-13 15:01:34,684 - mylogger - INFO - w
2016-03-13 15:01:34,684 - mylogger - INFO - e
2016-03-13 15:01:34,684 - mylogger - INFO - r
2016-03-13 15:01:34,684 - mylogger - INFO -  
2016-03-13 15:01:34,684 - mylogger - INFO - 
2016-03-13 15:01:34,684 - mylogger - INFO -  
2016-03-13 15:01:34,684 - mylogger - INFO -  
2016-03-13 15:01:34,684 - mylogger - INFO -  
2016-03-13 15:01:34,684 - mylogger - INFO - 
2016-03-13 15:01:34,684 - mylogger - INFO - A
2016-03-13 15:01:36,689 - mylogger - INFO - 
2016-03-13 15:01:36,689 - mylogger - INFO -  
2016-03-13 15:01:36,690 - mylogger - INFO - 
2016-03-13 15:01:36,690 - mylogger - INFO -  
2016-03-13 15:01:36,690 - mylogger - INFO - Å
2016-03-13 15:01:36,690 - mylogger - INFO - û
2016-03-13 15:01:36,690 - mylogger - INFO - 
2016-03-13 15:01:36,690 - mylogger - INFO - a
2016-03-13 15:01:36,690 - mylogger - INFO - n
2016-03-13 15:01:36,690 - mylogger - INFO - s
2016-03-13 15:01:36,690 - mylogger - INFO - w
2016-03-13 15:01:36,690 - mylogger - INFO - e
2016-03-13 15:01:36,690 - mylogger - INFO - r
2016-03-13 15:01:36,690 - mylogger - INFO -  
2016-03-13 15:01:36,690 - mylogger - INFO - 
2016-03-13 15:01:36,690 - mylogger - INFO -  
2016-03-13 15:01:36,690 - mylogger - INFO -  
2016-03-13 15:01:36,691 - mylogger - INFO -  
2016-03-13 15:01:36,691 - mylogger - INFO -  
2016-03-13 15:01:36,691 - mylogger - INFO - A
2016-03-13 15:11:33,606 - mylogger - INFO - 
2016-03-13 15:11:33,606 - mylogger - INFO -  
2016-03-13 15:11:33,606 - mylogger - INFO - 
2016-03-13 15:11:33,606 - mylogger - INFO -  
2016-03-13 15:11:33,606 - mylogger - INFO - Å
2016-03-13 15:11:33,606 - mylogger - INFO - û
2016-03-13 15:11:33,606 - mylogger - INFO - 
2016-03-13 15:11:33,606 - mylogger - INFO - a
2016-03-13 15:11:33,607 - mylogger - INFO - n
2016-03-13 15:11:33,607 - mylogger - INFO - s
2016-03-13 15:11:33,607 - mylogger - INFO - w
2016-03-13 15:11:33,607 - mylogger - INFO - e
2016-03-13 15:11:33,607 - mylogger - INFO - r
2016-03-13 15:11:33,607 - mylogger - INFO -  
2016-03-13 15:11:33,607 - mylogger - INFO - 
2016-03-13 15:11:33,607 - mylogger - INFO -  
2016-03-13 15:11:33,607 - mylogger - INFO -  
2016-03-13 15:11:33,607 - mylogger - INFO -  
2016-03-13 15:11:33,607 - mylogger - INFO - Ä
2016-03-13 15:11:33,607 - mylogger - INFO - ø
2016-03-13 15:11:35,609 - mylogger - INFO - 
2016-03-13 15:11:35,609 - mylogger - INFO -  
2016-03-13 15:11:35,609 - mylogger - INFO - 
2016-03-13 15:11:35,609 - mylogger - INFO -  
2016-03-13 15:11:35,609 - mylogger - INFO - Å
2016-03-13 15:11:35,609 - mylogger - INFO - û
2016-03-13 15:11:35,609 - mylogger - INFO - 
2016-03-13 15:11:35,609 - mylogger - INFO - a
2016-03-13 15:11:35,610 - mylogger - INFO - n
2016-03-13 15:11:35,610 - mylogger - INFO - s
2016-03-13 15:11:35,610 - mylogger - INFO - w
2016-03-13 15:11:35,610 - mylogger - INFO - e
2016-03-13 15:11:35,610 - mylogger - INFO - r
2016-03-13 15:11:35,610 - mylogger - INFO -  
2016-03-13 15:11:35,610 - mylogger - INFO - 
2016-03-13 15:11:35,610 - mylogger - INFO -  
2016-03-13 15:11:35,610 - mylogger - INFO -  
2016-03-13 15:11:35,610 - mylogger - INFO -  
2016-03-13 15:11:35,610 - mylogger - INFO -  
2016-03-13 15:11:35,610 - mylogger - INFO -  
2016-03-13 15:11:37,615 - mylogger - INFO - 
2016-03-13 15:11:37,615 - mylogger - INFO -  
2016-03-13 15:11:37,615 - mylogger - INFO - 
2016-03-13 15:11:37,615 - mylogger - INFO -  
2016-03-13 15:11:37,615 - mylogger - INFO - Å
2016-03-13 15:11:37,615 - mylogger - INFO - û
2016-03-13 15:11:37,615 - mylogger - INFO - 
2016-03-13 15:11:37,615 - mylogger - INFO - a
2016-03-13 15:11:37,615 - mylogger - INFO - n
2016-03-13 15:11:37,616 - mylogger - INFO - s
2016-03-13 15:11:37,616 - mylogger - INFO - w
2016-03-13 15:11:37,616 - mylogger - INFO - e
2016-03-13 15:11:37,616 - mylogger - INFO - r
2016-03-13 15:11:37,616 - mylogger - INFO -  
2016-03-13 15:11:37,616 - mylogger - INFO - 
2016-03-13 15:11:37,616 - mylogger - INFO -  
2016-03-13 15:11:37,616 - mylogger - INFO -  
2016-03-13 15:11:37,616 - mylogger - INFO -  
2016-03-13 15:11:37,616 - mylogger - INFO - 0
2016-03-13 15:11:37,616 - mylogger - INFO - A
2016-03-13 15:11:39,619 - mylogger - INFO - 
2016-03-13 15:11:39,619 - mylogger - INFO -  
2016-03-13 15:11:39,619 - mylogger - INFO - 
2016-03-13 15:11:39,619 - mylogger - INFO -  
2016-03-13 15:11:39,619 - mylogger - INFO - Å
2016-03-13 15:11:39,619 - mylogger - INFO - û
2016-03-13 15:11:39,619 - mylogger - INFO - 
2016-03-13 15:11:39,619 - mylogger - INFO - a
2016-03-13 15:11:39,619 - mylogger - INFO - n
2016-03-13 15:11:39,619 - mylogger - INFO - s
2016-03-13 15:11:39,619 - mylogger - INFO - w
2016-03-13 15:11:39,619 - mylogger - INFO - e
2016-03-13 15:11:39,619 - mylogger - INFO - r
2016-03-13 15:11:39,619 - mylogger - INFO -  
2016-03-13 15:11:39,620 - mylogger - INFO - 
2016-03-13 15:11:39,620 - mylogger - INFO -  
2016-03-13 15:11:39,620 - mylogger - INFO -  
2016-03-13 15:11:39,620 - mylogger - INFO -  
2016-03-13 15:11:39,620 - mylogger - INFO - @
2016-03-13 15:11:39,620 - mylogger - INFO - A
2016-03-13 15:14:00,275 - mylogger - INFO - foorbar
2016-03-13 15:15:17,656 - mylogger - INFO - foorbar
2016-03-13 15:16:08,495 - mylogger - INFO - foorbar
2016-03-13 15:17:47,629 - mylogger - INFO - foorbar
2016-03-13 15:18:21,866 - mylogger - INFO - foorbar
2016-03-13 15:18:54,570 - mylogger - INFO - foorbar
2016-03-13 15:19:20,336 - mylogger - INFO - foorbar
2016-03-13 15:21:17,259 - mylogger - INFO - foorbar
2016-03-13 15:21:42,955 - mylogger - INFO - foorbar
2016-03-13 15:26:16,268 - mylogger - INFO - foorbar
2016-03-13 15:29:11,475 - mylogger - INFO - foorbar
2016-03-13 15:44:32,315 - mylogger - INFO - foorbar
2016-03-13 15:44:47,182 - mylogger - INFO - foorbar
2016-03-13 15:45:40,822 - mylogger - INFO - foorbar
2016-03-13 15:46:21,719 - mylogger - INFO - foorbar
2016-03-13 15:48:05,075 - mylogger - INFO - foorbar
2016-03-13 15:48:07,568 - mylogger - INFO - foorbar
2016-03-13 15:50:58,698 - mylogger - INFO - foorbar
2016-03-13 15:51:00,493 - mylogger - INFO - foorbar
2016-03-13 15:51:10,453 - mylogger - INFO - foorbar
2016-03-13 15:51:45,594 - mylogger - INFO - foorbar
2016-03-13 15:53:17,790 - mylogger - INFO - foorbar
2016-03-13 15:59:37,699 - mylogger - INFO - foorbar
2016-03-13 16:00:15,506 - mylogger - INFO - foorbar
2016-03-19 23:11:35,507 - mylogger - INFO - foorbar
2016-03-19 23:12:02,630 - mylogger - INFO - foorbar
2016-04-09 09:33:23,182 - mylogger - INFO - foorbar
2016-04-09 09:57:58,361 - mylogger - INFO - foorbar
